/* File generated with Shader Minifier 1.2
 * http://www.ctrl-alt-test.fr
 */
#ifndef MANDELBULB_EXPECTED_
# define MANDELBULB_EXPECTED_

const char *mandelbulb_frag =
 "uniform vec2 resolution;"
 "uniform float time;"
 "bool f(vec4 v,vec3 f,vec3 y,out vec2 i)"
 "{"
   "vec3 x=f-v.xyz;"
   "float c=dot(x,y),e=dot(x,x)-v.w*v.w,o=c*c-e;"
   "if(o<0.)"
     "return false;"
   "float t=sqrt(o);"
   "i.x=-c-t;"
   "i.y=-c+t;"
   "return true;"
 "}"
 "const int e=7;"
 "const float y=100.;"
 "bool f(vec3 v,out float f,out vec4 o)"
 "{"
   "vec4 i=vec4(100.);"
   "vec3 c=v;"
   "float x=dot(c,c);"
   "if(x>y)"
     "return f=.5*log(x)/pow(8.,0.),o=vec4(1.),false;"
   "for(int t=1;t<e;t++)"
     "{"
       "\n#if 0\n"
       "float z=sqrt(dot(c,c)),s=acos(c.y/z),n=atan(c.x,c.z);"
       "z=pow(z,8.);"
       "s=s*8.;"
       "n=n*8.;"
       "c=v+z*vec3(sin(s)*sin(n),cos(s),sin(s)*cos(n));"
       "\n#else\n"
       "float d=c.x,m=d*d,p=m*m,l=c.y,a=l*l,r=a*a,w=c.z,g=w*w,u=g*g,q=m+g,b=inversesqrt(q*q*q*q*q*q*q),F=p+r+u-6.*a*g-6.*m*a+2.*g*m,C=m-a+g;"
       "c.x=v.x+64.*d*l*w*(m-g)*C*(p-6.*m*g+u)*F*b;"
       "c.y=v.y+-16.*a*q*C*C+F*F;"
       "c.z=v.z+-8.*l*C*(p*p-28.*p*m*g+70.*p*u-28.*m*g*u+u*u)*F*b;"
       "\n#endif\n"
       "x=dot(c,c);"
       "i=min(i,vec4(c.xyz*c.xyz,x));"
       "if(x>y)"
         "return o=i,f=.5*log(x)/pow(8.,float(t)),false;"
     "}"
   "o=i;"
   "f=0.;"
   "return true;"
 "}"
 "bool f(vec3 v,vec3 c,out float o,float y,out vec3 x,out vec4 t,float q)"
 "{"
   "vec4 i=vec4(0.,0.,0.,1.25);"
   "vec2 e;"
   "if(!f(i,v,c,e))"
     "return false;"
   "if(e.y<.001)"
     "return false;"
   "if(e.x<.001)"
     "e.x=.001;"
   "if(e.y>y)"
     "e.y=y;"
   "float n;"
   "vec3 s;"
   "vec4 m;"
   "float g=1./sqrt(1.+q*q);"
   "for(float a=e.x;a<e.y;)"
     "{"
       "vec3 z=v+c*a;"
       "float d=clamp(.001*a*g,1e-6,.005),p=d*.1;"
       "vec4 u;"
       "float l;"
       "if(f(z,l,m))"
         "return o=a,x=normalize(s),t=m,true;"
       "float w;"
       "f(z+vec3(p,0.,0.),w,u);"
       "float b;"
       "f(z+vec3(0.,p,0.),b,u);"
       "float r;"
       "f(z+vec3(0.,0.,p),r,u);"
       "s=vec3(w-l,b-l,r-l);"
       "n=.5*l*p/length(s);"
       "if(n<d)"
         "return t=m,x=normalize(s),o=a,true;"
       "a+=n;"
     "}"
   "return false;"
 "}"
 "void main()"
 "{"
   "vec2 v=-1.+2.*gl_FragCoord.xy/resolution.xy,c=v*vec2(1.33,1.);"
   "vec3 x=vec3(.577,.577,.577),o=vec3(-.707,0.,.707);"
   "float y=1.,s=1.4+.2*cos(6.28318*time/20.);"
   "vec3 z=vec3(s*sin(6.28318*time/20.),.3-.4*sin(6.28318*time/20.),s*cos(6.28318*time/20.)),p=vec3(0.,.1,0.),m=normalize(p-z),u=vec3(0.,1.,0.),g=normalize(cross(m,u)),t=normalize(cross(g,m)),e=normalize(c.x*g+c.y*t+1.5*m),l,i;"
   "vec4 a;"
   "float q;"
   "if(!f(z,e,q,1e20,l,a,y))"
     "i=1.3*vec3(1.,.98,.9)*(.7+.3*e.y);"
   "else"
     "{"
       "vec3 n=z+q*e;"
       "float d=clamp(.2+.8*dot(x,l),0.,1.);"
       "d=d*d;"
       "float C=clamp(.3+.7*dot(o,l),0.,1.),w=clamp(1.25*a.w-.4,0.,1.);"
       "w=w*w*.5+.5*w;"
       "float b;"
       "vec3 r;"
       "vec4 F;"
       "if(d>.001)"
         "if(f(n,x,b,1e20,r,F,y))"
           "d=.1;"
       "i=vec3(1.,1.,1.);"
       "i=mix(i,vec3(.8,.6,.2),sqrt(a.x)*1.25);"
       "i=mix(i,vec3(.8,.3,.3),sqrt(a.y)*1.25);"
       "i=mix(i,vec3(.7,.4,.3),sqrt(a.z)*1.25);"
       "i*=(.5+.5*l.y)*vec3(.14,.15,.16)*.8+d*vec3(1.,.85,.4)+.5*C*vec3(.08,.1,.14);"
       "i*=vec3(pow(w,.8),pow(w,1.),pow(w,1.1));"
       "i=1.5*(i*.15+.85*sqrt(i));"
     "}"
   "vec2 d=v*.5+.5;"
   "i*=.7+4.8*d.x*d.y*(1.-d.x)*(1.-d.y);"
   "i=clamp(i,0.,1.);"
   "gl_FragColor=vec4(i,1.);"
 "}";

#endif // MANDELBULB_EXPECTED_
