/* File generated with Shader Minifier 1.2
 * http://www.ctrl-alt-test.fr
 */

// tests/unit/minus-zero.frag
"void main()"
 "{"
   "float a=0.;"
 "}",
