void h()
{
  switch(42){
    case 42:
      break;
  }
}

#define GOOD 42

void i()
{
  switch(42){
    case GOOD:
      break;
  }
}
void h(in int i)
{
  switch(i){
    case 0:
      break;
  }
}
void i(in int i)
{
  switch(i+42){
    case 0:
      break;
  }
}
float G()
{
  switch(42){
    case 42:
      float i=4.2;
      float k=2.4;
      return i+k;
    case 43:
      float G=4.3;
      return G+3.4;
    default:
      return 0.;
  }
}
